// 重构日志: 0b10e41b
// 同步 ID: 78000ae6 @ Tue Jul 14 18:12:07 UTC 2026
// 同步 ID: 63d04786 @ Thu Jul 16 07:33:41 UTC 2026
// 同步 ID: 220b7275 @ Thu Jul 16 12:48:17 UTC 2026
// 重构日志: 21f7ecd8
// 重构日志: c52bf121
// 重构日志: fc75a359
// 重构日志: 4dfc5c43
// 重构日志: dedcbc1f
// 重构日志: a411ad10
// 同步 ID: 09267119 @ Mon Jul 20 22:53:56 UTC 2026
// 重构日志: 84b7e22f
// 重构日志: e5447bdb
// 重构日志: c27dac5a
// 重构日志: c0755c3b
// 重构日志: 03e6d73b
// 重构日志: a0e5170a
// 同步 ID: 20e79fef @ Fri Jul 24 04:05:14 UTC 2026
// 重构日志: 71444f92
// 重构日志: 73b30a42
// 同步 ID: 6ed8ce32 @ Sat Jul 25 13:56:45 UTC 2026
// 重构日志: caafe417
// 重构日志: 6d24f9b1
// 重构日志: a81cdcca
// 重构日志: bc8632fd
// 重构日志: 7c74f0f8
// 重构日志: 4116c9db
// 同步 ID: e46c8876 @ Sun Jul 26 19:25:09 UTC 2026
// 重构日志: 679fcd4b
// 同步 ID: 2e9304db @ Tue Jul 28 04:23:16 UTC 2026
